<html>
<body>
<pre>
<h1>µVision Build Log</h1>
<h2>Project:</h2>
C:\Keil\Labware\Lab10_TrafficLight\Lab10.uvproj
Project File Date:  03/01/2014

<h2>Output:</h2>
Build target 'Lab10'
compiling TableTrafficLight.c...
linking...
Program Size: Code=4068 RO-data=14912 RW-data=76 ZI-data=1756  
".\Lab10.axf" - 0 Error(s), 0 Warning(s).
Load "C:\\Keil\\Labware\\Lab10_TrafficLight\\Lab10.axf" 
Connecting: Mode=JTAG, Speed=1000000Hz
Erase Done.
Programming Done.
Verify OK.
Load "C:\\Keil\\Labware\\Lab10_TrafficLight\\Lab10.axf" 
Connecting: Mode=JTAG, Speed=1000000Hz
Erase Done.
Programming Done.
Verify OK.
</pre>
</body>
</html>

Not enough information to list the image map.
Finished: 2 information, 0 warning and 3 error messages.
".\Lab10.axf" - 3 Error(s), 0 Warning(s).
Target not created
